exports[`test default 1`] = `
<div>
  <header>
    <h1
      className="f1">
      String
    </h1>
  </header>
  <div
    className="flex-ns">
    <main
      className="mr4-ns w-50-ns">
      <div>
        Component
      </div>
    </main>
    <aside
      className="w-50-ns">
      <div>
        Component
      </div>
    </aside>
  </div>
</div>
`;
