exports[`test default 1`] = `
<div>
  <div>
    <h1
      className="mt0 normal f1 mb4">
      String
    </h1>
  </div>
  <div
    className="flex-ns">
    <main
      className="mr4-ns w-50-ns">
      <div>
        Component
      </div>
    </main>
    <aside
      className="w-50-ns mt5 mt0-ns">
      <div>
        Component
      </div>
    </aside>
  </div>
</div>
`;
